------------------------------------------------------------
TimeQuest Timing Analyzer Summary
------------------------------------------------------------

Type  : Slow 1200mV 85C Model Setup 'count3a:TIMER|qs[0]'
Slack : -3.231
TNS   : -48.558

Type  : Slow 1200mV 85C Model Setup 'mclk'
Slack : -0.557
TNS   : -0.859

Type  : Slow 1200mV 85C Model Hold 'count3a:TIMER|qs[0]'
Slack : -3.209
TNS   : -37.010

Type  : Slow 1200mV 85C Model Hold 'mclk'
Slack : -0.173
TNS   : -0.341

Type  : Slow 1200mV 85C Model Recovery 'mclk'
Slack : -1.259
TNS   : -3.770

Type  : Slow 1200mV 85C Model Removal 'mclk'
Slack : -1.457
TNS   : -4.371

Type  : Slow 1200mV 85C Model Minimum Pulse Width 'mclk'
Slack : -3.000
TNS   : -6.000

Type  : Slow 1200mV 85C Model Minimum Pulse Width 'count3a:TIMER|qs[0]'
Slack : -1.000
TNS   : -45.000

Type  : Slow 1200mV 0C Model Setup 'count3a:TIMER|qs[0]'
Slack : -2.867
TNS   : -41.659

Type  : Slow 1200mV 0C Model Setup 'mclk'
Slack : -0.391
TNS   : -0.518

Type  : Slow 1200mV 0C Model Hold 'count3a:TIMER|qs[0]'
Slack : -2.944
TNS   : -33.791

Type  : Slow 1200mV 0C Model Hold 'mclk'
Slack : -0.157
TNS   : -0.305

Type  : Slow 1200mV 0C Model Recovery 'mclk'
Slack : -1.027
TNS   : -3.073

Type  : Slow 1200mV 0C Model Removal 'mclk'
Slack : -1.351
TNS   : -4.053

Type  : Slow 1200mV 0C Model Minimum Pulse Width 'mclk'
Slack : -3.000
TNS   : -6.000

Type  : Slow 1200mV 0C Model Minimum Pulse Width 'count3a:TIMER|qs[0]'
Slack : -1.000
TNS   : -45.000

Type  : Fast 1200mV 0C Model Setup 'count3a:TIMER|qs[0]'
Slack : -1.629
TNS   : -18.752

Type  : Fast 1200mV 0C Model Setup 'mclk'
Slack : 0.149
TNS   : 0.000

Type  : Fast 1200mV 0C Model Hold 'count3a:TIMER|qs[0]'
Slack : -1.839
TNS   : -22.244

Type  : Fast 1200mV 0C Model Hold 'mclk'
Slack : -0.192
TNS   : -0.411

Type  : Fast 1200mV 0C Model Recovery 'mclk'
Slack : -0.256
TNS   : -0.765

Type  : Fast 1200mV 0C Model Removal 'mclk'
Slack : -0.915
TNS   : -2.745

Type  : Fast 1200mV 0C Model Minimum Pulse Width 'mclk'
Slack : -3.000
TNS   : -6.000

Type  : Fast 1200mV 0C Model Minimum Pulse Width 'count3a:TIMER|qs[0]'
Slack : -1.000
TNS   : -45.000

------------------------------------------------------------
