------------------------------------------------------------
TimeQuest Timing Analyzer Summary
------------------------------------------------------------

Type  : Slow 1200mV 85C Model Setup 'count3a:TIMER|qs[0]'
Slack : -2.081
TNS   : -43.379

Type  : Slow 1200mV 85C Model Setup 'mclk'
Slack : -0.546
TNS   : -1.237

Type  : Slow 1200mV 85C Model Hold 'count3a:TIMER|qs[0]'
Slack : -2.059
TNS   : -16.472

Type  : Slow 1200mV 85C Model Hold 'mclk'
Slack : -0.019
TNS   : -0.021

Type  : Slow 1200mV 85C Model Recovery 'mclk'
Slack : -2.556
TNS   : -7.668

Type  : Slow 1200mV 85C Model Removal 'mclk'
Slack : 0.448
TNS   : 0.000

Type  : Slow 1200mV 85C Model Minimum Pulse Width 'mclk'
Slack : -3.000
TNS   : -6.000

Type  : Slow 1200mV 85C Model Minimum Pulse Width 'count3a:TIMER|qs[0]'
Slack : -1.000
TNS   : -44.000

Type  : Slow 1200mV 0C Model Setup 'count3a:TIMER|qs[0]'
Slack : -1.790
TNS   : -36.991

Type  : Slow 1200mV 0C Model Setup 'mclk'
Slack : -0.381
TNS   : -0.830

Type  : Slow 1200mV 0C Model Hold 'count3a:TIMER|qs[0]'
Slack : -1.853
TNS   : -14.824

Type  : Slow 1200mV 0C Model Hold 'mclk'
Slack : -0.011
TNS   : -0.011

Type  : Slow 1200mV 0C Model Recovery 'mclk'
Slack : -2.201
TNS   : -6.603

Type  : Slow 1200mV 0C Model Removal 'mclk'
Slack : 0.391
TNS   : 0.000

Type  : Slow 1200mV 0C Model Minimum Pulse Width 'mclk'
Slack : -3.000
TNS   : -6.000

Type  : Slow 1200mV 0C Model Minimum Pulse Width 'count3a:TIMER|qs[0]'
Slack : -1.000
TNS   : -44.000

Type  : Fast 1200mV 0C Model Setup 'count3a:TIMER|qs[0]'
Slack : -1.013
TNS   : -17.461

Type  : Fast 1200mV 0C Model Setup 'mclk'
Slack : 0.150
TNS   : 0.000

Type  : Fast 1200mV 0C Model Hold 'count3a:TIMER|qs[0]'
Slack : -1.225
TNS   : -9.800

Type  : Fast 1200mV 0C Model Hold 'mclk'
Slack : -0.096
TNS   : -0.178

Type  : Fast 1200mV 0C Model Recovery 'mclk'
Slack : -1.279
TNS   : -3.837

Type  : Fast 1200mV 0C Model Removal 'mclk'
Slack : 0.193
TNS   : 0.000

Type  : Fast 1200mV 0C Model Minimum Pulse Width 'mclk'
Slack : -3.000
TNS   : -6.045

Type  : Fast 1200mV 0C Model Minimum Pulse Width 'count3a:TIMER|qs[0]'
Slack : -1.000
TNS   : -44.000

------------------------------------------------------------
